
D:\SoftWare\DevecoStudio\tools\node\node.exe D:\SoftWare\DevecoStudio\tools\hvigor\bin\hvigorw.js --mode module -p product=default assembleHap --analyze=normal --parallel --incremental --daemon
> hvigor hvigor client: Starting hvigor daemon.
> hvigor Hvigor Daemon started in 3.65 s
> hvigor Finished :entry:default@PreBuild... after 160 ms 
> hvigor Finished :entry:default@CreateModuleInfo... after 2 ms 
> hvigor UP-TO-DATE :entry:default@GenerateMetadata...  
> hvigor Finished :entry:default@ConfigureCmake... after 5 ms 
> hvigor UP-TO-DATE :entry:default@MergeProfile...  
> hvigor UP-TO-DATE :entry:default@CreateBuildProfile...  
> hvigor Finished :entry:default@PreCheckSyscap... after 1 ms 
> hvigor Finished :entry:default@GeneratePkgSdkInfo... after 3 ms 
> hvigor Finished :entry:default@ProcessIntegratedHsp... after 1 ms 
> hvigor Finished :entry:default@BuildNativeWithCmake... after 60 ms 
> hvigor UP-TO-DATE :entry:default@MakePackInfo...  
> hvigor Finished :entry:default@SyscapTransform... after 10 ms 
> hvigor UP-TO-DATE :entry:default@GeneratePkgContextInfo...  
> hvigor UP-TO-DATE :entry:default@ProcessProfile...  
> hvigor UP-TO-DATE :entry:default@ProcessRouterMap...  
> hvigor UP-TO-DATE :entry:default@ProcessShareConfig...  
> hvigor Finished :entry:default@ProcessStartupConfig... after 13 ms 
> hvigor UP-TO-DATE :entry:default@ProcessResource...  
> hvigor Finished :entry:default@GenerateLoaderJson... after 35 ms 
> hvigor UP-TO-DATE :entry:default@CompileResource...  
> hvigor Finished :entry:default@BuildJS... after 4 ms 
> hvigor Finished :entry:default@BuildNativeWithNinja... after 7 s 356 ms 
> hvigor Finished :entry:default@ProcessLibs... after 649 ms 
> hvigor Finished :entry:default@DoNativeStrip... after 538 ms 
> hvigor Finished :entry:default@CacheNativeLibs... after 5 ms 
> hvigor ERROR: Failed :entry:default@CompileArkTS... 
> hvigor WARN: 
1 WARN: ArkTS:WARN: For details about ArkTS syntax errors, see FAQs
2 WARN: ArkTS:WARN File: D:/Project/Harmony_gguf/entry/src/main/ets/service/SessionStore.ets:56:40
 Function may throw exceptions. Special handling is required.

3 WARN: ArkTS:WARN File: D:/Project/Harmony_gguf/entry/src/main/ets/service/SessionStore.ets:62:23
 Function may throw exceptions. Special handling is required.

4 WARN: ArkTS:WARN File: D:/Project/Harmony_gguf/entry/src/main/ets/service/SessionStore.ets:70:23
 Function may throw exceptions. Special handling is required.

5 WARN: ArkTS:WARN File: D:/Project/Harmony_gguf/entry/src/main/ets/service/SessionStore.ets:94:30
 Function may throw exceptions. Special handling is required.

6 WARN: ArkTS:WARN File: D:/Project/Harmony_gguf/entry/src/main/ets/service/SessionStore.ets:101:41
 Function may throw exceptions. Special handling is required.

7 WARN: ArkTS:WARN File: D:/Project/Harmony_gguf/entry/src/main/ets/service/SessionStore.ets:103:22
 Function may throw exceptions. Special handling is required.

8 WARN: ArkTS:WARN File: D:/Project/Harmony_gguf/entry/src/main/ets/service/SessionStore.ets:105:23
 Function may throw exceptions. Special handling is required.

9 WARN: ArkTS:WARN File: D:/Project/Harmony_gguf/entry/src/main/ets/service/SessionStore.ets:105:41
 Function may throw exceptions. Special handling is required.

10 WARN: ArkTS:WARN File: D:/Project/Harmony_gguf/entry/src/main/ets/service/SessionStore.ets:106:26
 Function may throw exceptions. Special handling is required.

11 WARN: ArkTS:WARN File: D:/Project/Harmony_gguf/entry/src/main/ets/service/SessionStore.ets:106:46
 Function may throw exceptions. Special handling is required.

12 WARN: ArkTS:WARN File: D:/Project/Harmony_gguf/entry/src/main/ets/service/SessionStore.ets:107:30
 Function may throw exceptions. Special handling is required.

13 WARN: ArkTS:WARN File: D:/Project/Harmony_gguf/entry/src/main/ets/service/SessionStore.ets:107:48
 Function may throw exceptions. Special handling is required.

14 WARN: ArkTS:WARN File: D:/Project/Harmony_gguf/entry/src/main/ets/service/SessionStore.ets:108:30
 Function may throw exceptions. Special handling is required.

15 WARN: ArkTS:WARN File: D:/Project/Harmony_gguf/entry/src/main/ets/service/SessionStore.ets:108:48
 Function may throw exceptions. Special handling is required.

16 WARN: ArkTS:WARN File: D:/Project/Harmony_gguf/entry/src/main/ets/service/SessionStore.ets:109:27
 Function may throw exceptions. Special handling is required.

17 WARN: ArkTS:WARN File: D:/Project/Harmony_gguf/entry/src/main/ets/service/SessionStore.ets:109:45
 Function may throw exceptions. Special handling is required.

18 WARN: ArkTS:WARN File: D:/Project/Harmony_gguf/entry/src/main/ets/service/SessionStore.ets:112:15
 Function may throw exceptions. Special handling is required.

19 WARN: ArkTS:WARN File: D:/Project/Harmony_gguf/entry/src/main/ets/service/SessionStore.ets:124:23
 Function may throw exceptions. Special handling is required.

20 WARN: ArkTS:WARN File: D:/Project/Harmony_gguf/entry/src/main/ets/service/SessionStore.ets:131:23
 Function may throw exceptions. Special handling is required.

21 WARN: ArkTS:WARN File: D:/Project/Harmony_gguf/entry/src/main/ets/service/SessionStore.ets:135:23
 Function may throw exceptions. Special handling is required.

22 WARN: ArkTS:WARN File: D:/Project/Harmony_gguf/entry/src/main/ets/service/SessionStore.ets:146:34
 Function may throw exceptions. Special handling is required.

23 WARN: ArkTS:WARN File: D:/Project/Harmony_gguf/entry/src/main/ets/service/SessionStore.ets:153:23
 Function may throw exceptions. Special handling is required.

24 WARN: ArkTS:WARN File: D:/Project/Harmony_gguf/entry/src/main/ets/service/SessionStore.ets:163:41
 Function may throw exceptions. Special handling is required.

25 WARN: ArkTS:WARN File: D:/Project/Harmony_gguf/entry/src/main/ets/service/SessionStore.ets:165:22
 Function may throw exceptions. Special handling is required.

26 WARN: ArkTS:WARN File: D:/Project/Harmony_gguf/entry/src/main/ets/service/SessionStore.ets:167:23
 Function may throw exceptions. Special handling is required.

27 WARN: ArkTS:WARN File: D:/Project/Harmony_gguf/entry/src/main/ets/service/SessionStore.ets:167:41
 Function may throw exceptions. Special handling is required.

28 WARN: ArkTS:WARN File: D:/Project/Harmony_gguf/entry/src/main/ets/service/SessionStore.ets:168:30
 Function may throw exceptions. Special handling is required.

29 WARN: ArkTS:WARN File: D:/Project/Harmony_gguf/entry/src/main/ets/service/SessionStore.ets:168:48
 Function may throw exceptions. Special handling is required.

30 WARN: ArkTS:WARN File: D:/Project/Harmony_gguf/entry/src/main/ets/service/SessionStore.ets:169:25
 Function may throw exceptions. Special handling is required.

31 WARN: ArkTS:WARN File: D:/Project/Harmony_gguf/entry/src/main/ets/service/SessionStore.ets:169:45
 Function may throw exceptions. Special handling is required.

32 WARN: ArkTS:WARN File: D:/Project/Harmony_gguf/entry/src/main/ets/service/SessionStore.ets:170:28
 Function may throw exceptions. Special handling is required.

33 WARN: ArkTS:WARN File: D:/Project/Harmony_gguf/entry/src/main/ets/service/SessionStore.ets:170:48
 Function may throw exceptions. Special handling is required.

34 WARN: ArkTS:WARN File: D:/Project/Harmony_gguf/entry/src/main/ets/service/SessionStore.ets:171:30
 Function may throw exceptions. Special handling is required.

35 WARN: ArkTS:WARN File: D:/Project/Harmony_gguf/entry/src/main/ets/service/SessionStore.ets:171:48
 Function may throw exceptions. Special handling is required.

36 WARN: ArkTS:WARN File: D:/Project/Harmony_gguf/entry/src/main/ets/service/SessionStore.ets:174:15
 Function may throw exceptions. Special handling is required.

37 WARN: ArkTS:WARN File: D:/Project/Harmony_gguf/entry/src/main/ets/service/SessionStore.ets:182:23
 Function may throw exceptions. Special handling is required.

38 WARN: ArkTS:WARN File: D:/Project/Harmony_gguf/entry/src/main/ets/service/SessionStore.ets:190:41
 Function may throw exceptions. Special handling is required.

39 WARN: ArkTS:WARN File: D:/Project/Harmony_gguf/entry/src/main/ets/service/SessionStore.ets:191:30
 Function may throw exceptions. Special handling is required.

40 WARN: ArkTS:WARN File: D:/Project/Harmony_gguf/entry/src/main/ets/service/SessionStore.ets:192:15
 Function may throw exceptions. Special handling is required.

41 WARN: ArkTS:WARN File: D:/Project/Harmony_gguf/entry/src/main/ets/service/SessionStore.ets:200:25
 Function may throw exceptions. Special handling is required.

42 WARN: ArkTS:WARN File: D:/Project/Harmony_gguf/entry/src/main/ets/service/SessionStore.ets:209:25
 Function may throw exceptions. Special handling is required.

43 WARN: ArkTS:WARN File: D:/Project/Harmony_gguf/entry/src/main/ets/pages/Index.ets:184:45
 Function may throw exceptions. Special handling is required.

> hvigor ERROR: ArkTS Compiler Error
1 ERROR: 10605040 ArkTS Compiler Error
Error Message: Object literals cannot be used as type declarations (arkts-no-obj-literals-as-types) At File: D:/Project/Harmony_gguf/entry/src/main/ets/service/InferenceService.ets:190:21


2 ERROR: 10605038 ArkTS Compiler Error
Error Message: Object literal must correspond to some explicitly declared class or interface (arkts-no-untyped-obj-literals) At File: D:/Project/Harmony_gguf/entry/src/main/ets/service/InferenceService.ets:192:21


COMPILE RESULT:FAIL {ERROR:3 WARN:43}

* Try:
> Run with --stacktrace option to get the stack trace.
> Run with --debug option to get more log output.


FAILURE: Build completed with 1 failure.

1: Task failed with an exception.
-----------
* What went wrong:
Execution failed for task 'default@CompileArkTS'.
  > Compilation error. See log for more details

* Try:
> Run with --stacktrace option to get the stack trace.
> Run with --debug option to get more log output.

================================================================================
> hvigor ERROR: BUILD FAILED in 44 s 892 ms 

25 tasks in total: 15 executed, 10 up-to-date

进程已结束，退出代码为 -1
